PLINK v1.90b4.1 64-bit (30 Mar 2017)
Options in effect:
  --allow-no-sex
  --bfile tmpfile
  --chr-set 30
  --nonfounders
  --out test
  --recode
  --silent
  --update-alleles allele.txt

Hostname: soloboan
Working directory: /home/soloboan/Documents/computeG_gmatrixsoftware
Start time: Mon May  1 09:41:21 2017

Random number seed: 1493624481
15930 MB RAM detected; reserving 7965 MB for main workspace.
52672 variants loaded from .bim file.
738 samples (0 males, 0 females, 738 ambiguous) loaded from .fam.
Ambiguous sex IDs written to test.nosex .
--update-alleles: 52672 variants updated.
Using 1 thread (no multithreaded calculations invoked).
Before main variant filters, 738 founders and 0 nonfounders present.
Calculating allele frequencies... done.
Total genotyping rate is 0.989797.
52672 variants and 738 samples pass filters and QC.
Note: No phenotypes present.
--recode ped to test.ped + test.map ... done.

End time: Mon May  1 09:41:22 2017
